10:33:18 **** Auto Build of configuration Debug for project gps_proj ****
make pre-build main-build 
a9-linaro-pre-build-step
' '
'Building file: ../src/GPS.c'
'Invoking: ARM v7 gcc compiler'
arm-none-eabi-gcc -Wall -O0 -g3 -c -fmessage-length=0 -MT"src/GPS.o" -mcpu=cortex-a9 -mfpu=vfpv3 -mfloat-abi=hard -I../../gps_bsp/ps7_cortexa9_0/include -MMD -MP -MF"src/GPS.d" -MT"src/GPS.o" -o "src/GPS.o" "../src/GPS.c"
../src/GPS.c: In function 'Gps_GetTimeInfo':
../src/GPS.c:71:2: warning: implicit declaration of function 'sscanf' [-Wimplicit-function-declaration]
  sscanf(GpsBuffer,"$GNRMC,%2d%2d%2d",
  ^
../src/GPS.c:71:2: warning: incompatible implicit declaration of built-in function 'sscanf'
../src/GPS.c:71:9: warning: pointer targets in passing argument 1 of 'sscanf' differ in signedness [-Wpointer-sign]
  sscanf(GpsBuffer,"$GNRMC,%2d%2d%2d",
         ^
../src/GPS.c:71:9: note: expected 'const char *' but argument is of type 'u8 *'
../src/GPS.c:74:9: warning: pointer targets in passing argument 1 of 'sscanf' differ in signedness [-Wpointer-sign]
  sscanf(GpsBuffer+Index-15,"%2d%2d%2d",
         ^
../src/GPS.c:74:9: note: expected 'const char *' but argument is of type 'u8 *'
'Finished building: ../src/GPS.c'
' '
'Building target: gps_proj.elf'
'Invoking: ARM v7 gcc linker'
arm-none-eabi-gcc -mcpu=cortex-a9 -mfpu=vfpv3 -mfloat-abi=hard -Wl,-build-id=none -specs=Xilinx.spec -Wl,-T -Wl,../src/lscript.ld -L../../gps_bsp/ps7_cortexa9_0/lib -o "gps_proj.elf"  ./src/GPS.o ./src/My_UART.o ./src/Uart_Intr.o ./src/helloworld.o ./src/platform.o   -Wl,--start-group,-lxil,-lgcc,-lc,--end-group
'Finished building target: gps_proj.elf'
' '
'Invoking: ARM v7 Print Size'
arm-none-eabi-size gps_proj.elf  |tee "gps_proj.elf.size"
   text	   data	    bss	    dec	    hex	filename
 117696	   4272	  23436	 145404	  237fc	gps_proj.elf
'Finished building: gps_proj.elf.size'
' '

10:33:18 Build Finished (took 735ms)

