Copyright 1986-2016 Xilinx, Inc. All Rights Reserved.
-----------------------------------------------------------------------------------------------------
| Tool Version : Vivado v.2016.2 (win64) Build 1577090 Thu Jun  2 16:32:40 MDT 2016
| Date         : Wed Nov 23 17:51:41 2016
| Host         : DESKTOP-BGEPG26 running 64-bit major release  (build 9200)
| Command      : report_control_sets -verbose -file gpsSimulatedLynn_wrapper_control_sets_placed.rpt
| Design       : gpsSimulatedLynn_wrapper
| Device       : xc7z020
-----------------------------------------------------------------------------------------------------

Control Set Information

Table of Contents
-----------------
1. Summary
2. Flip-Flop Distribution
3. Detailed Control Set Information

1. Summary
----------

+----------------------------------------------------------+-------+
|                          Status                          | Count |
+----------------------------------------------------------+-------+
| Number of unique control sets                            |    79 |
| Unused register locations in slices containing registers |   116 |
+----------------------------------------------------------+-------+


2. Flip-Flop Distribution
-------------------------

+--------------+-----------------------+------------------------+-----------------+--------------+
| Clock Enable | Synchronous Set/Reset | Asynchronous Set/Reset | Total Registers | Total Slices |
+--------------+-----------------------+------------------------+-----------------+--------------+
| No           | No                    | No                     |             143 |           45 |
| No           | No                    | Yes                    |               0 |            0 |
| No           | Yes                   | No                     |             173 |           59 |
| Yes          | No                    | No                     |             623 |          182 |
| Yes          | No                    | Yes                    |               0 |            0 |
| Yes          | Yes                   | No                     |             361 |          129 |
+--------------+-----------------------+------------------------+-----------------+--------------+


3. Detailed Control Set Information
-----------------------------------

+---------------------------------------------------------+------------------------------------------------------------------------------------------------------------------------------------------------------------------------+-------------------------------------------------------------------------------------------------------------------------------------------------------------------+------------------+----------------+
|                       Clock Signal                      |                                                                              Enable Signal                                                                             |                                                                          Set/Reset Signal                                                                         | Slice Load Count | Bel Load Count |
+---------------------------------------------------------+------------------------------------------------------------------------------------------------------------------------------------------------------------------------+-------------------------------------------------------------------------------------------------------------------------------------------------------------------+------------------+----------------+
|  gpsSimulatedLynn_i/processing_system7_0/inst/FCLK_CLK0 |                                                                                                                                                                        | gpsSimulatedLynn_i/gpsIpSimulatedLynn_0/inst/gpsIpSimulatedLynn_v1_0_GPS_AXI_inst/gps_module/day_count/secondTemp1_reg                                            |                1 |              1 |
|  gpsSimulatedLynn_i/processing_system7_0/inst/FCLK_CLK0 | gpsSimulatedLynn_i/processing_system7_0_axi_periph/s00_couplers/auto_pc/inst/gen_axilite.gen_b2s_conv.axilite_b2s/WR.b_channel_0/bid_fifo_0/bresp_push                 |                                                                                                                                                                   |                1 |              2 |
|  gpsSimulatedLynn_i/processing_system7_0/inst/FCLK_CLK0 | gpsSimulatedLynn_i/gpsIpSimulatedLynn_0/inst/gpsIpSimulatedLynn_v1_0_GPS_AXI_inst/axi_awready_i_2_n_0                                                                  | gpsSimulatedLynn_i/gpsIpSimulatedLynn_0/inst/gpsIpSimulatedLynn_v1_0_GPS_AXI_inst/axi_awready_i_1_n_0                                                             |                2 |              4 |
|  gpsSimulatedLynn_i/processing_system7_0/inst/FCLK_CLK0 | gpsSimulatedLynn_i/processing_system7_0_axi_periph/s00_couplers/auto_pc/inst/gen_axilite.gen_b2s_conv.axilite_b2s/RD.ar_channel_0/ar_cmd_fsm_0/axlen_cnt_reg[3][0]     | gpsSimulatedLynn_i/processing_system7_0_axi_periph/s00_couplers/auto_pc/inst/gen_axilite.gen_b2s_conv.axilite_b2s/RD.ar_channel_0/ar_cmd_fsm_0/axlen_cnt_reg[7]   |                1 |              4 |
|  gpsSimulatedLynn_i/processing_system7_0/inst/FCLK_CLK0 | gpsSimulatedLynn_i/gpsIpSimulatedLynn_0/inst/gpsIpSimulatedLynn_v1_0_GPS_AXI_inst/axi_arready_i_1_n_0                                                                  | gpsSimulatedLynn_i/gpsIpSimulatedLynn_0/inst/gpsIpSimulatedLynn_v1_0_GPS_AXI_inst/axi_awready_i_1_n_0                                                             |                2 |              4 |
|  gpsSimulatedLynn_i/processing_system7_0/inst/FCLK_CLK0 | gpsSimulatedLynn_i/axi_uartlite_0/U0/AXI_LITE_IPIF_I/I_SLAVE_ATTACHMENT/start2                                                                                         | gpsSimulatedLynn_i/axi_uartlite_0/U0/AXI_LITE_IPIF_I/I_SLAVE_ATTACHMENT/I_DECODER/cs_ce_clr                                                                       |                1 |              4 |
|  gpsSimulatedLynn_i/processing_system7_0/inst/FCLK_CLK0 |                                                                                                                                                                        | gpsSimulatedLynn_i/processing_system7_0_axi_periph/s00_couplers/auto_pc/inst/gen_axilite.gen_b2s_conv.axilite_b2s/SI_REG/ar_pipe/m_valid_i_reg_0                  |                2 |              4 |
|  gpsSimulatedLynn_i/processing_system7_0/inst/FCLK_CLK0 |                                                                                                                                                                        | gpsSimulatedLynn_i/processing_system7_0_axi_periph/s00_couplers/auto_pc/inst/gen_axilite.gen_b2s_conv.axilite_b2s/SI_REG/aw_pipe/s_ready_i_reg_0                  |                2 |              4 |
|  gpsSimulatedLynn_i/processing_system7_0/inst/FCLK_CLK0 | gpsSimulatedLynn_i/axi_uartlite_0/U0/UARTLITE_CORE_I/BAUD_RATE_I/en_16x_Baud                                                                                           |                                                                                                                                                                   |                2 |              4 |
|  gpsSimulatedLynn_i/processing_system7_0/inst/FCLK_CLK0 | gpsSimulatedLynn_i/processing_system7_0_axi_periph/s00_couplers/auto_pc/inst/gen_axilite.gen_b2s_conv.axilite_b2s/WR.aw_channel_0/aw_cmd_fsm_0/axlen_cnt_reg[3][0]     | gpsSimulatedLynn_i/processing_system7_0_axi_periph/s00_couplers/auto_pc/inst/gen_axilite.gen_b2s_conv.axilite_b2s/WR.aw_channel_0/aw_cmd_fsm_0/axlen_cnt_reg[7]_1 |                1 |              4 |
|  gpsSimulatedLynn_i/processing_system7_0/inst/FCLK_CLK0 |                                                                                                                                                                        | gpsSimulatedLynn_i/rst_processing_system7_0_100M/U0/EXT_LPF/lpf_int                                                                                               |                3 |              5 |
|  gpsSimulatedLynn_i/processing_system7_0/inst/FCLK_CLK0 |                                                                                                                                                                        | gpsSimulatedLynn_i/axi_uartlite_0/U0/UARTLITE_CORE_I/UARTLITE_RX_I/SRL_FIFO_I/I_SRL_FIFO_RBU_F/CNTR_INCR_DECR_ADDN_F_I/SS[0]                                      |                2 |              6 |
|  gpsSimulatedLynn_i/processing_system7_0/inst/FCLK_CLK0 |                                                                                                                                                                        | gpsSimulatedLynn_i/axi_uartlite_0/U0/UARTLITE_CORE_I/UARTLITE_TX_I/SRL_FIFO_I/I_SRL_FIFO_RBU_F/CNTR_INCR_DECR_ADDN_F_I/SS[0]                                      |                2 |              6 |
|  gpsSimulatedLynn_i/processing_system7_0/inst/FCLK_CLK0 | gpsSimulatedLynn_i/rst_processing_system7_0_100M/U0/SEQ/seq_cnt_en                                                                                                     | gpsSimulatedLynn_i/rst_processing_system7_0_100M/U0/SEQ/SEQ_COUNTER/clear                                                                                         |                2 |              6 |
|  gpsSimulatedLynn_i/processing_system7_0/inst/FCLK_CLK0 |                                                                                                                                                                        | gpsSimulatedLynn_i/gpsIpSimulatedLynn_0/inst/gpsIpSimulatedLynn_v1_0_GPS_AXI_inst/axi_awready_i_1_n_0                                                             |                4 |              6 |
|  gpsSimulatedLynn_i/processing_system7_0/inst/FCLK_CLK0 | gpsSimulatedLynn_i/gpsIpSimulatedLynn_0/inst/gpsIpSimulatedLynn_v1_0_GPS_AXI_inst/MONTH_READ[15]_i_1_n_0                                                               | gpsSimulatedLynn_i/gpsIpSimulatedLynn_0/inst/gpsIpSimulatedLynn_v1_0_GPS_AXI_inst/axi_awready_i_1_n_0                                                             |                3 |              8 |
|  gpsSimulatedLynn_i/processing_system7_0/inst/FCLK_CLK0 | gpsSimulatedLynn_i/gpsIpSimulatedLynn_0/inst/gpsIpSimulatedLynn_v1_0_GPS_AXI_inst/YEAR_READ[31]_i_1_n_0                                                                | gpsSimulatedLynn_i/gpsIpSimulatedLynn_0/inst/gpsIpSimulatedLynn_v1_0_GPS_AXI_inst/axi_awready_i_1_n_0                                                             |                2 |              8 |
|  gpsSimulatedLynn_i/processing_system7_0/inst/FCLK_CLK0 | gpsSimulatedLynn_i/axi_uartlite_0/U0/AXI_LITE_IPIF_I/I_SLAVE_ATTACHMENT/I_DECODER/fifo_wr                                                                              |                                                                                                                                                                   |                1 |              8 |
|  gpsSimulatedLynn_i/processing_system7_0/inst/FCLK_CLK0 | gpsSimulatedLynn_i/gpsIpSimulatedLynn_0/inst/gpsIpSimulatedLynn_v1_0_GPS_AXI_inst/YEAR_READ[23]_i_1_n_0                                                                | gpsSimulatedLynn_i/gpsIpSimulatedLynn_0/inst/gpsIpSimulatedLynn_v1_0_GPS_AXI_inst/axi_awready_i_1_n_0                                                             |                3 |              8 |
|  gpsSimulatedLynn_i/processing_system7_0/inst/FCLK_CLK0 | gpsSimulatedLynn_i/gpsIpSimulatedLynn_0/inst/gpsIpSimulatedLynn_v1_0_GPS_AXI_inst/YEAR_READ[15]_i_1_n_0                                                                | gpsSimulatedLynn_i/gpsIpSimulatedLynn_0/inst/gpsIpSimulatedLynn_v1_0_GPS_AXI_inst/axi_awready_i_1_n_0                                                             |                3 |              8 |
|  gpsSimulatedLynn_i/processing_system7_0/inst/FCLK_CLK0 | gpsSimulatedLynn_i/gpsIpSimulatedLynn_0/inst/gpsIpSimulatedLynn_v1_0_GPS_AXI_inst/SECOND_READ[7]_i_1_n_0                                                               | gpsSimulatedLynn_i/gpsIpSimulatedLynn_0/inst/gpsIpSimulatedLynn_v1_0_GPS_AXI_inst/axi_awready_i_1_n_0                                                             |                2 |              8 |
|  gpsSimulatedLynn_i/processing_system7_0/inst/FCLK_CLK0 | gpsSimulatedLynn_i/gpsIpSimulatedLynn_0/inst/gpsIpSimulatedLynn_v1_0_GPS_AXI_inst/SECOND_READ[31]_i_1_n_0                                                              | gpsSimulatedLynn_i/gpsIpSimulatedLynn_0/inst/gpsIpSimulatedLynn_v1_0_GPS_AXI_inst/axi_awready_i_1_n_0                                                             |                3 |              8 |
|  gpsSimulatedLynn_i/processing_system7_0/inst/FCLK_CLK0 | gpsSimulatedLynn_i/gpsIpSimulatedLynn_0/inst/gpsIpSimulatedLynn_v1_0_GPS_AXI_inst/SECOND_READ[23]_i_1_n_0                                                              | gpsSimulatedLynn_i/gpsIpSimulatedLynn_0/inst/gpsIpSimulatedLynn_v1_0_GPS_AXI_inst/axi_awready_i_1_n_0                                                             |                2 |              8 |
|  gpsSimulatedLynn_i/processing_system7_0/inst/FCLK_CLK0 | gpsSimulatedLynn_i/gpsIpSimulatedLynn_0/inst/gpsIpSimulatedLynn_v1_0_GPS_AXI_inst/SECOND_READ[15]_i_1_n_0                                                              | gpsSimulatedLynn_i/gpsIpSimulatedLynn_0/inst/gpsIpSimulatedLynn_v1_0_GPS_AXI_inst/axi_awready_i_1_n_0                                                             |                2 |              8 |
|  gpsSimulatedLynn_i/processing_system7_0/inst/FCLK_CLK0 | gpsSimulatedLynn_i/gpsIpSimulatedLynn_0/inst/gpsIpSimulatedLynn_v1_0_GPS_AXI_inst/MONTH_READ[7]_i_1_n_0                                                                | gpsSimulatedLynn_i/gpsIpSimulatedLynn_0/inst/gpsIpSimulatedLynn_v1_0_GPS_AXI_inst/axi_awready_i_1_n_0                                                             |                3 |              8 |
|  gpsSimulatedLynn_i/processing_system7_0/inst/FCLK_CLK0 | gpsSimulatedLynn_i/gpsIpSimulatedLynn_0/inst/gpsIpSimulatedLynn_v1_0_GPS_AXI_inst/MONTH_READ[31]_i_1_n_0                                                               | gpsSimulatedLynn_i/gpsIpSimulatedLynn_0/inst/gpsIpSimulatedLynn_v1_0_GPS_AXI_inst/axi_awready_i_1_n_0                                                             |                3 |              8 |
|  gpsSimulatedLynn_i/processing_system7_0/inst/FCLK_CLK0 | gpsSimulatedLynn_i/gpsIpSimulatedLynn_0/inst/gpsIpSimulatedLynn_v1_0_GPS_AXI_inst/MONTH_READ[23]_i_1_n_0                                                               | gpsSimulatedLynn_i/gpsIpSimulatedLynn_0/inst/gpsIpSimulatedLynn_v1_0_GPS_AXI_inst/axi_awready_i_1_n_0                                                             |                3 |              8 |
|  gpsSimulatedLynn_i/processing_system7_0/inst/FCLK_CLK0 | gpsSimulatedLynn_i/gpsIpSimulatedLynn_0/inst/gpsIpSimulatedLynn_v1_0_GPS_AXI_inst/DAY_READ[15]_i_1_n_0                                                                 | gpsSimulatedLynn_i/gpsIpSimulatedLynn_0/inst/gpsIpSimulatedLynn_v1_0_GPS_AXI_inst/axi_awready_i_1_n_0                                                             |                3 |              8 |
|  gpsSimulatedLynn_i/processing_system7_0/inst/FCLK_CLK0 | gpsSimulatedLynn_i/gpsIpSimulatedLynn_0/inst/gpsIpSimulatedLynn_v1_0_GPS_AXI_inst/DAY_READ[23]_i_1_n_0                                                                 | gpsSimulatedLynn_i/gpsIpSimulatedLynn_0/inst/gpsIpSimulatedLynn_v1_0_GPS_AXI_inst/axi_awready_i_1_n_0                                                             |                2 |              8 |
|  gpsSimulatedLynn_i/processing_system7_0/inst/FCLK_CLK0 | gpsSimulatedLynn_i/gpsIpSimulatedLynn_0/inst/gpsIpSimulatedLynn_v1_0_GPS_AXI_inst/DAY_READ[31]_i_1_n_0                                                                 | gpsSimulatedLynn_i/gpsIpSimulatedLynn_0/inst/gpsIpSimulatedLynn_v1_0_GPS_AXI_inst/axi_awready_i_1_n_0                                                             |                3 |              8 |
|  gpsSimulatedLynn_i/processing_system7_0/inst/FCLK_CLK0 | gpsSimulatedLynn_i/gpsIpSimulatedLynn_0/inst/gpsIpSimulatedLynn_v1_0_GPS_AXI_inst/DAY_READ[7]_i_1_n_0                                                                  | gpsSimulatedLynn_i/gpsIpSimulatedLynn_0/inst/gpsIpSimulatedLynn_v1_0_GPS_AXI_inst/axi_awready_i_1_n_0                                                             |                1 |              8 |
|  gpsSimulatedLynn_i/processing_system7_0/inst/FCLK_CLK0 | gpsSimulatedLynn_i/gpsIpSimulatedLynn_0/inst/gpsIpSimulatedLynn_v1_0_GPS_AXI_inst/HOUR_READ[15]_i_1_n_0                                                                | gpsSimulatedLynn_i/gpsIpSimulatedLynn_0/inst/gpsIpSimulatedLynn_v1_0_GPS_AXI_inst/axi_awready_i_1_n_0                                                             |                5 |              8 |
|  gpsSimulatedLynn_i/processing_system7_0/inst/FCLK_CLK0 | gpsSimulatedLynn_i/gpsIpSimulatedLynn_0/inst/gpsIpSimulatedLynn_v1_0_GPS_AXI_inst/HOUR_READ[23]_i_1_n_0                                                                | gpsSimulatedLynn_i/gpsIpSimulatedLynn_0/inst/gpsIpSimulatedLynn_v1_0_GPS_AXI_inst/axi_awready_i_1_n_0                                                             |                2 |              8 |
|  gpsSimulatedLynn_i/processing_system7_0/inst/FCLK_CLK0 | gpsSimulatedLynn_i/gpsIpSimulatedLynn_0/inst/gpsIpSimulatedLynn_v1_0_GPS_AXI_inst/HOUR_READ[31]_i_1_n_0                                                                | gpsSimulatedLynn_i/gpsIpSimulatedLynn_0/inst/gpsIpSimulatedLynn_v1_0_GPS_AXI_inst/axi_awready_i_1_n_0                                                             |                2 |              8 |
|  gpsSimulatedLynn_i/processing_system7_0/inst/FCLK_CLK0 | gpsSimulatedLynn_i/gpsIpSimulatedLynn_0/inst/gpsIpSimulatedLynn_v1_0_GPS_AXI_inst/HOUR_READ[7]_i_1_n_0                                                                 | gpsSimulatedLynn_i/gpsIpSimulatedLynn_0/inst/gpsIpSimulatedLynn_v1_0_GPS_AXI_inst/axi_awready_i_1_n_0                                                             |                1 |              8 |
|  gpsSimulatedLynn_i/processing_system7_0/inst/FCLK_CLK0 | gpsSimulatedLynn_i/gpsIpSimulatedLynn_0/inst/gpsIpSimulatedLynn_v1_0_GPS_AXI_inst/MINUTE_READ[15]_i_1_n_0                                                              | gpsSimulatedLynn_i/gpsIpSimulatedLynn_0/inst/gpsIpSimulatedLynn_v1_0_GPS_AXI_inst/axi_awready_i_1_n_0                                                             |                7 |              8 |
|  gpsSimulatedLynn_i/processing_system7_0/inst/FCLK_CLK0 | gpsSimulatedLynn_i/gpsIpSimulatedLynn_0/inst/gpsIpSimulatedLynn_v1_0_GPS_AXI_inst/MINUTE_READ[23]_i_1_n_0                                                              | gpsSimulatedLynn_i/gpsIpSimulatedLynn_0/inst/gpsIpSimulatedLynn_v1_0_GPS_AXI_inst/axi_awready_i_1_n_0                                                             |                4 |              8 |
|  gpsSimulatedLynn_i/processing_system7_0/inst/FCLK_CLK0 | gpsSimulatedLynn_i/gpsIpSimulatedLynn_0/inst/gpsIpSimulatedLynn_v1_0_GPS_AXI_inst/MINUTE_READ[31]_i_1_n_0                                                              | gpsSimulatedLynn_i/gpsIpSimulatedLynn_0/inst/gpsIpSimulatedLynn_v1_0_GPS_AXI_inst/axi_awready_i_1_n_0                                                             |                1 |              8 |
|  gpsSimulatedLynn_i/processing_system7_0/inst/FCLK_CLK0 | gpsSimulatedLynn_i/gpsIpSimulatedLynn_0/inst/gpsIpSimulatedLynn_v1_0_GPS_AXI_inst/MINUTE_READ[7]_i_1_n_0                                                               | gpsSimulatedLynn_i/gpsIpSimulatedLynn_0/inst/gpsIpSimulatedLynn_v1_0_GPS_AXI_inst/axi_awready_i_1_n_0                                                             |                3 |              8 |
|  gpsSimulatedLynn_i/processing_system7_0/inst/FCLK_CLK0 | gpsSimulatedLynn_i/processing_system7_0_axi_periph/s00_couplers/auto_pc/inst/gen_axilite.gen_b2s_conv.axilite_b2s/RD.ar_channel_0/ar_cmd_fsm_0/axaddr_incr_reg[11]     |                                                                                                                                                                   |                2 |              8 |
|  gpsSimulatedLynn_i/processing_system7_0/inst/FCLK_CLK0 | gpsSimulatedLynn_i/processing_system7_0_axi_periph/s00_couplers/auto_pc/inst/gen_axilite.gen_b2s_conv.axilite_b2s/RD.ar_channel_0/ar_cmd_fsm_0/E[0]                    |                                                                                                                                                                   |                4 |              8 |
|  gpsSimulatedLynn_i/processing_system7_0/inst/FCLK_CLK0 | gpsSimulatedLynn_i/axi_uartlite_0/U0/UARTLITE_CORE_I/UARTLITE_RX_I/SRL_FIFO_I/I_SRL_FIFO_RBU_F/DYNSHREG_F_I/fifo_wr                                                    |                                                                                                                                                                   |                1 |              8 |
|  gpsSimulatedLynn_i/processing_system7_0/inst/FCLK_CLK0 | gpsSimulatedLynn_i/processing_system7_0_axi_periph/s00_couplers/auto_pc/inst/gen_axilite.gen_b2s_conv.axilite_b2s/WR.aw_channel_0/aw_cmd_fsm_0/axaddr_incr_reg[11]     |                                                                                                                                                                   |                2 |              8 |
|  gpsSimulatedLynn_i/processing_system7_0/inst/FCLK_CLK0 | gpsSimulatedLynn_i/processing_system7_0_axi_periph/s00_couplers/auto_pc/inst/gen_axilite.gen_b2s_conv.axilite_b2s/WR.aw_channel_0/aw_cmd_fsm_0/E[0]                    |                                                                                                                                                                   |                4 |              8 |
|  gpsSimulatedLynn_i/processing_system7_0/inst/FCLK_CLK0 | gpsSimulatedLynn_i/gpsIpSimulatedLynn_0/inst/gpsIpSimulatedLynn_v1_0_GPS_AXI_inst/YEAR_READ[7]_i_1_n_0                                                                 | gpsSimulatedLynn_i/gpsIpSimulatedLynn_0/inst/gpsIpSimulatedLynn_v1_0_GPS_AXI_inst/axi_awready_i_1_n_0                                                             |                3 |              8 |
|  gpsSimulatedLynn_i/processing_system7_0/inst/FCLK_CLK0 | gpsSimulatedLynn_i/processing_system7_0_axi_periph/s00_couplers/auto_pc/inst/gen_axilite.gen_b2s_conv.axilite_b2s/WR.b_channel_0/mhandshake_r                          | gpsSimulatedLynn_i/processing_system7_0_axi_periph/s00_couplers/auto_pc/inst/gen_axilite.gen_b2s_conv.axilite_b2s/WR.b_channel_0/bid_fifo_0/SR[0]                 |                3 |              8 |
|  gpsSimulatedLynn_i/processing_system7_0/inst/FCLK_CLK0 |                                                                                                                                                                        | gpsSimulatedLynn_i/axi_uartlite_0/U0/AXI_LITE_IPIF_I/I_SLAVE_ATTACHMENT/rst                                                                                       |                4 |              9 |
|  gpsSimulatedLynn_i/processing_system7_0/inst/FCLK_CLK0 | gpsSimulatedLynn_i/axi_uartlite_0/U0/AXI_LITE_IPIF_I/I_SLAVE_ATTACHMENT/s_axi_rdata_i                                                                                  | gpsSimulatedLynn_i/axi_uartlite_0/U0/AXI_LITE_IPIF_I/I_SLAVE_ATTACHMENT/rst                                                                                       |                3 |              9 |
|  gpsSimulatedLynn_i/processing_system7_0/inst/FCLK_CLK0 | gpsSimulatedLynn_i/axi_uartlite_0/U0/UARTLITE_CORE_I/BAUD_RATE_I/en_16x_Baud                                                                                           | gpsSimulatedLynn_i/axi_uartlite_0/U0/UARTLITE_CORE_I/UARTLITE_RX_I/SR[0]                                                                                          |                2 |             10 |
|  gpsSimulatedLynn_i/processing_system7_0/inst/FCLK_CLK0 |                                                                                                                                                                        | gpsSimulatedLynn_i/processing_system7_0_axi_periph/xbar/inst/gen_sasd.crossbar_sasd_0/addr_arbiter_inst/SR[0]                                                     |                4 |             11 |
|  gpsSimulatedLynn_i/processing_system7_0/inst/FCLK_CLK0 | gpsSimulatedLynn_i/processing_system7_0_axi_periph/s00_couplers/auto_pc/inst/gen_axilite.gen_b2s_conv.axilite_b2s/RD.r_channel_0/r_push_r                              |                                                                                                                                                                   |                4 |             13 |
|  gpsSimulatedLynn_i/processing_system7_0/inst/FCLK_CLK0 | gpsSimulatedLynn_i/processing_system7_0_axi_periph/s00_couplers/auto_pc/inst/gen_axilite.gen_b2s_conv.axilite_b2s/SI_REG/b_pipe/p_1_in                                 |                                                                                                                                                                   |                3 |             14 |
|  gpsSimulatedLynn_i/processing_system7_0/inst/FCLK_CLK0 | gpsSimulatedLynn_i/processing_system7_0_axi_periph/s00_couplers/auto_pc/inst/gen_axilite.gen_b2s_conv.axilite_b2s/SI_REG/b_pipe/skid_buffer_reg[0]_0                   |                                                                                                                                                                   |                2 |             14 |
|  gpsSimulatedLynn_i/processing_system7_0/inst/FCLK_CLK0 | gpsSimulatedLynn_i/processing_system7_0_axi_periph/s00_couplers/auto_pc/inst/gen_axilite.gen_b2s_conv.axilite_b2s/RD.ar_channel_0/ar_cmd_fsm_0/axlen_cnt_reg[3][0]     |                                                                                                                                                                   |                7 |             16 |
|  gpsSimulatedLynn_i/processing_system7_0/inst/FCLK_CLK0 | gpsSimulatedLynn_i/processing_system7_0_axi_periph/s00_couplers/auto_pc/inst/gen_axilite.gen_b2s_conv.axilite_b2s/WR.aw_channel_0/aw_cmd_fsm_0/axlen_cnt_reg[3][0]     |                                                                                                                                                                   |                6 |             16 |
|  gpsSimulatedLynn_i/processing_system7_0/inst/FCLK_CLK0 | gpsSimulatedLynn_i/processing_system7_0_axi_periph/s00_couplers/auto_pc/inst/gen_axilite.gen_b2s_conv.axilite_b2s/WR.aw_channel_0/aw_cmd_fsm_0/axlen_cnt_reg[7]_2      |                                                                                                                                                                   |                5 |             20 |
|  gpsSimulatedLynn_i/processing_system7_0/inst/FCLK_CLK0 | gpsSimulatedLynn_i/processing_system7_0_axi_periph/xbar/inst/gen_sasd.crossbar_sasd_0/addr_arbiter_inst/p_0_in1_in                                                     | gpsSimulatedLynn_i/processing_system7_0_axi_periph/xbar/inst/gen_sasd.crossbar_sasd_0/addr_arbiter_inst/SR[0]                                                     |                6 |             20 |
|  gpsSimulatedLynn_i/processing_system7_0/inst/FCLK_CLK0 |                                                                                                                                                                        | gpsSimulatedLynn_i/axi_uartlite_0/U0/UARTLITE_CORE_I/UARTLITE_RX_I/SR[0]                                                                                          |               11 |             30 |
|  gpsSimulatedLynn_i/processing_system7_0/inst/FCLK_CLK0 |                                                                                                                                                                        | gpsSimulatedLynn_i/gpsIpSimulatedLynn_0/inst/gpsIpSimulatedLynn_v1_0_GPS_AXI_inst/gps_module/picosec_count/out_reg_reg[31]_2                                      |                9 |             32 |
|  gpsSimulatedLynn_i/processing_system7_0/inst/FCLK_CLK0 | gpsSimulatedLynn_i/gpsIpSimulatedLynn_0/inst/gpsIpSimulatedLynn_v1_0_GPS_AXI_inst/gps_module/picosec_count/out_reg_reg[31]_2                                           | gpsSimulatedLynn_i/gpsIpSimulatedLynn_0/inst/gpsIpSimulatedLynn_v1_0_GPS_AXI_inst/gps_module/microsec_count/out_reg[31]_i_1_n_0                                   |                9 |             32 |
|  gpsSimulatedLynn_i/processing_system7_0/inst/FCLK_CLK0 | gpsSimulatedLynn_i/gpsIpSimulatedLynn_0/inst/gpsIpSimulatedLynn_v1_0_GPS_AXI_inst/slv_reg_rden__0                                                                      | gpsSimulatedLynn_i/gpsIpSimulatedLynn_0/inst/gpsIpSimulatedLynn_v1_0_GPS_AXI_inst/axi_awready_i_1_n_0                                                             |               17 |             32 |
|  gpsSimulatedLynn_i/processing_system7_0/inst/FCLK_CLK0 | gpsSimulatedLynn_i/gpsIpSimulatedLynn_0/inst/gpsIpSimulatedLynn_v1_0_GPS_AXI_inst/gps_module/picosec_count/out_reg_reg[31]_0                                           | gpsSimulatedLynn_i/gpsIpSimulatedLynn_0/inst/gpsIpSimulatedLynn_v1_0_GPS_AXI_inst/gps_module/millisec_count/out_reg[31]_i_1__6_n_0                                |               14 |             32 |
|  gpsSimulatedLynn_i/processing_system7_0/inst/FCLK_CLK0 | gpsSimulatedLynn_i/gpsIpSimulatedLynn_0/inst/gpsIpSimulatedLynn_v1_0_GPS_AXI_inst/gps_module/month_count/E[0]                                                          |                                                                                                                                                                   |               14 |             32 |
|  gpsSimulatedLynn_i/processing_system7_0/inst/FCLK_CLK0 | gpsSimulatedLynn_i/gpsIpSimulatedLynn_0/inst/gpsIpSimulatedLynn_v1_0_GPS_AXI_inst/gps_module/minute_count/out_reg_reg[31]_0                                            |                                                                                                                                                                   |               10 |             32 |
|  gpsSimulatedLynn_i/processing_system7_0/inst/FCLK_CLK0 | gpsSimulatedLynn_i/gpsIpSimulatedLynn_0/inst/gpsIpSimulatedLynn_v1_0_GPS_AXI_inst/gps_module/hour_count/out_reg_reg[31]_1[0]                                           |                                                                                                                                                                   |               11 |             32 |
|  gpsSimulatedLynn_i/processing_system7_0/inst/FCLK_CLK0 | gpsSimulatedLynn_i/gpsIpSimulatedLynn_0/inst/gpsIpSimulatedLynn_v1_0_GPS_AXI_inst/gps_module/hour_count/E[0]                                                           |                                                                                                                                                                   |               14 |             32 |
|  gpsSimulatedLynn_i/processing_system7_0/inst/FCLK_CLK0 | gpsSimulatedLynn_i/processing_system7_0_axi_periph/xbar/inst/gen_sasd.crossbar_sasd_0/reg_slice_r/aa_rready                                                            |                                                                                                                                                                   |               14 |             32 |
|  gpsSimulatedLynn_i/processing_system7_0/inst/FCLK_CLK0 | gpsSimulatedLynn_i/gpsIpSimulatedLynn_0/inst/gpsIpSimulatedLynn_v1_0_GPS_AXI_inst/gps_module/second_count/out_reg_reg[31]_2[0]                                         |                                                                                                                                                                   |               13 |             32 |
|  gpsSimulatedLynn_i/processing_system7_0/inst/FCLK_CLK0 | gpsSimulatedLynn_i/gpsIpSimulatedLynn_0/inst/gpsIpSimulatedLynn_v1_0_GPS_AXI_inst/gps_module/second_count/E[0]                                                         |                                                                                                                                                                   |               15 |             32 |
|  gpsSimulatedLynn_i/processing_system7_0/inst/FCLK_CLK0 | gpsSimulatedLynn_i/processing_system7_0_axi_periph/s00_couplers/auto_pc/inst/gen_axilite.gen_b2s_conv.axilite_b2s/RD.r_channel_0/rd_data_fifo_0/wr_en0                 |                                                                                                                                                                   |               10 |             34 |
|  gpsSimulatedLynn_i/processing_system7_0/inst/FCLK_CLK0 | gpsSimulatedLynn_i/processing_system7_0_axi_periph/xbar/inst/gen_sasd.crossbar_sasd_0/addr_arbiter_inst/E[0]                                                           |                                                                                                                                                                   |               13 |             35 |
|  gpsSimulatedLynn_i/processing_system7_0/inst/FCLK_CLK0 | gpsSimulatedLynn_i/processing_system7_0_axi_periph/s00_couplers/auto_pc/inst/gen_axilite.gen_b2s_conv.axilite_b2s/RD.ar_channel_0/ar_cmd_fsm_0/m_payload_i_reg[0]_1[0] |                                                                                                                                                                   |                8 |             44 |
|  gpsSimulatedLynn_i/processing_system7_0/inst/FCLK_CLK0 | gpsSimulatedLynn_i/processing_system7_0_axi_periph/s00_couplers/auto_pc/inst/gen_axilite.gen_b2s_conv.axilite_b2s/WR.aw_channel_0/aw_cmd_fsm_0/m_payload_i_reg[0][0]   |                                                                                                                                                                   |                8 |             44 |
|  gpsSimulatedLynn_i/processing_system7_0/inst/FCLK_CLK0 | gpsSimulatedLynn_i/processing_system7_0_axi_periph/s00_couplers/auto_pc/inst/gen_axilite.gen_b2s_conv.axilite_b2s/SI_REG/ar_pipe/skid_buffer_reg[0]_0                  |                                                                                                                                                                   |                7 |             44 |
|  gpsSimulatedLynn_i/processing_system7_0/inst/FCLK_CLK0 | gpsSimulatedLynn_i/processing_system7_0_axi_periph/s00_couplers/auto_pc/inst/gen_axilite.gen_b2s_conv.axilite_b2s/SI_REG/aw_pipe/skid_buffer_reg[0]_0                  |                                                                                                                                                                   |                9 |             44 |
|  gpsSimulatedLynn_i/processing_system7_0/inst/FCLK_CLK0 | gpsSimulatedLynn_i/processing_system7_0_axi_periph/s00_couplers/auto_pc/inst/gen_axilite.gen_b2s_conv.axilite_b2s/SI_REG/r_pipe/p_1_in                                 |                                                                                                                                                                   |                7 |             47 |
|  gpsSimulatedLynn_i/processing_system7_0/inst/FCLK_CLK0 | gpsSimulatedLynn_i/processing_system7_0_axi_periph/s00_couplers/auto_pc/inst/gen_axilite.gen_b2s_conv.axilite_b2s/SI_REG/r_pipe/skid_buffer_reg[0]_0                   |                                                                                                                                                                   |                8 |             47 |
|  gpsSimulatedLynn_i/processing_system7_0/inst/FCLK_CLK0 |                                                                                                                                                                        | gpsSimulatedLynn_i/processing_system7_0_axi_periph/s00_couplers/auto_pc/inst/gen_axilite.gen_b2s_conv.axilite_b2s/areset_d1                                       |               15 |             59 |
|  gpsSimulatedLynn_i/processing_system7_0/inst/FCLK_CLK0 |                                                                                                                                                                        |                                                                                                                                                                   |               46 |            144 |
+---------------------------------------------------------+------------------------------------------------------------------------------------------------------------------------------------------------------------------------+-------------------------------------------------------------------------------------------------------------------------------------------------------------------+------------------+----------------+


